// Jest Snapshot v1, https://goo.gl/fbAQLP

exports[`TopicCard renders without error 1`] = `
<div>
  TopicCard
</div>
`;
