// Jest Snapshot v1, https://goo.gl/fbAQLP

exports[`Navbar renders without error 1`] = `
<div>
  Navbar
</div>
`;
