// Jest Snapshot v1, https://goo.gl/fbAQLP

exports[`Article renders without error 1`] = `
<div>
  Article
</div>
`;
